[seed] 已写入定额库基线：33 个区块组合。
[seed] 已初始化空井库。
====================================================
[auth] 已创建初始管理员账号，请立即登录后在“账号管理”里修改密码：
        用户名: admin
        密码  : cvhcf1ms
====================================================
钻井经营考核系统后端已启动：http://localhost:4000
数据目录：C:\Users\86188\Desktop\经营考核系统自用版\server\data
大模型接入：未配置（AI 解析页会提示）
[seed] quota 已存在，跳过。
[seed] wells 已存在，跳过。
钻井经营考核系统后端已启动：http://localhost:4000
数据目录：C:\Users\86188\Desktop\经营考核系统自用版\server\data
大模型接入：未配置（AI 解析页会提示）
[seed] quota 已存在，跳过。
[seed] wells 已存在，跳过。
钻井经营考核系统后端已启动：http://localhost:4000
数据目录：C:\Users\86188\Desktop\经营考核系统自用版\server\data
大模型接入：未配置（AI 解析页会提示）
[seed] quota 已存在，跳过。
[seed] wells 已存在，跳过。
钻井经营考核系统后端已启动：http://localhost:4000
数据目录：C:\Users\86188\Desktop\经营考核系统自用版\server\data
大模型接入：未配置（AI 解析页会提示）
[seed] quota 已存在，跳过。
[seed] wells 已存在，跳过。
钻井经营考核系统后端已启动：http://localhost:4000
数据目录：C:\Users\86188\Desktop\经营考核系统自用版\server\data
大模型接入：未配置（AI 解析页会提示）
[seed] quota 已存在，跳过。
[seed] wells 已存在，跳过。
钻井经营考核系统后端已启动：http://localhost:4000
数据目录：C:\Users\86188\Desktop\经营责任制实施办法\经营考核系统自用版\server\data
大模型接入：未配置（AI 解析页会提示）
[seed] quota 已存在，跳过。
[seed] wells 已存在，跳过。
钻井经营考核系统后端已启动：http://localhost:4000
数据目录：C:\Users\86188\Desktop\经营责任制实施办法\经营考核系统自用版\server\data
大模型接入：未配置（AI 解析页会提示）
[seed] quota 已存在，跳过。
[seed] wells 已存在，跳过。
钻井经营考核系统后端已启动：http://localhost:4000
数据目录：C:\Users\86188\Desktop\经营责任制实施办法\经营考核系统自用版\server\data
大模型接入：未配置（AI 解析页会提示）
[seed] quota 已存在，跳过。
[seed] wells 已存在，跳过。
钻井经营考核系统后端已启动：http://localhost:4000
数据目录：C:\Users\86188\Desktop\钻井经营考核系统\经营考核系统自用版\server\data
[seed] quota 已存在，跳过。
[seed] wells 已存在，跳过。
钻井经营考核系统后端已启动：http://localhost:4000
数据目录：C:\Users\86188\Desktop\钻井经营考核系统\经营考核系统自用版\server\data
[seed] quota 已存在，跳过。
[seed] wells 已存在，跳过。
钻井经营考核系统后端已启动：http://localhost:4000
数据目录：C:\Users\86188\Desktop\钻井经营考核系统\经营考核系统自用版\server\data
[seed] quota 已存在，跳过。
[seed] wells 已存在，跳过。
钻井经营考核系统后端已启动：http://localhost:4000
数据目录：C:\Users\86188\Desktop\钻井经营考核系统\经营考核系统自用版\server\data
[seed] quota 已存在，跳过。
[seed] wells 已存在，跳过。
钻井经营考核系统后端已启动：http://localhost:4000
数据目录：C:\Users\86188\Desktop\钻井经营考核系统\经营考核系统自用版\server\data
[seed] quota 已存在，跳过。
[seed] wells 已存在，跳过。
钻井经营考核系统后端已启动：http://localhost:4000
数据目录：C:\Users\86188\Desktop\钻井经营考核系统\经营考核系统自用版\server\data
[auth] 警告：JWT_SECRET 未在 .env 中设置，正使用默认值——生产环境务必修改！
[seed] quota 已存在，跳过。
[seed] wells 已存在，跳过。
钻井经营考核系统后端已启动：http://localhost:4000
数据目录：D:\桌面\新建文件夹\server\data
[server] 未捕获错误： URIError: Failed to decode param '/%u002e/WEB-INF/web.xml'
    at decodeURIComponent (<anonymous>)
    at decode_param (D:\桌面\新建文件夹\server\node_modules\express\lib\router\layer.js:172:12)
    at Layer.match (D:\桌面\新建文件夹\server\node_modules\express\lib\router\layer.js:123:27)
    at matchLayer (D:\桌面\新建文件夹\server\node_modules\express\lib\router\index.js:585:18)
    at next (D:\桌面\新建文件夹\server\node_modules\express\lib\router\index.js:226:15)
    at SendStream.error (D:\桌面\新建文件夹\server\node_modules\serve-static\index.js:121:7)
    at SendStream.emit (node:events:514:28)
    at SendStream.error (D:\桌面\新建文件夹\server\node_modules\send\index.js:270:17)
    at SendStream.pipe (D:\桌面\新建文件夹\server\node_modules\send\index.js:515:10)
    at serveStatic (D:\桌面\新建文件夹\server\node_modules\serve-static\index.js:125:12) {
  statusCode: 400,
  status: 400
}
[server] 未捕获错误： URIError: Failed to decode param '/context/%u002e/WEB-INF/web.xml'
    at decodeURIComponent (<anonymous>)
    at decode_param (D:\桌面\新建文件夹\server\node_modules\express\lib\router\layer.js:172:12)
    at Layer.match (D:\桌面\新建文件夹\server\node_modules\express\lib\router\layer.js:123:27)
    at matchLayer (D:\桌面\新建文件夹\server\node_modules\express\lib\router\index.js:585:18)
    at next (D:\桌面\新建文件夹\server\node_modules\express\lib\router\index.js:226:15)
    at SendStream.error (D:\桌面\新建文件夹\server\node_modules\serve-static\index.js:121:7)
    at SendStream.emit (node:events:514:28)
    at SendStream.error (D:\桌面\新建文件夹\server\node_modules\send\index.js:270:17)
    at SendStream.pipe (D:\桌面\新建文件夹\server\node_modules\send\index.js:515:10)
    at serveStatic (D:\桌面\新建文件夹\server\node_modules\serve-static\index.js:125:12) {
  statusCode: 400,
  status: 400
}
[server] 未捕获错误： URIError: Failed to decode param '/s/test/_/%u002e/WEB-INF/web.xml'
    at decodeURIComponent (<anonymous>)
    at decode_param (D:\桌面\新建文件夹\server\node_modules\express\lib\router\layer.js:172:12)
    at Layer.match (D:\桌面\新建文件夹\server\node_modules\express\lib\router\layer.js:123:27)
    at matchLayer (D:\桌面\新建文件夹\server\node_modules\express\lib\router\index.js:585:18)
    at next (D:\桌面\新建文件夹\server\node_modules\express\lib\router\index.js:226:15)
    at SendStream.error (D:\桌面\新建文件夹\server\node_modules\serve-static\index.js:121:7)
    at SendStream.emit (node:events:514:28)
    at SendStream.error (D:\桌面\新建文件夹\server\node_modules\send\index.js:270:17)
    at SendStream.pipe (D:\桌面\新建文件夹\server\node_modules\send\index.js:515:10)
    at serveStatic (D:\桌面\新建文件夹\server\node_modules\serve-static\index.js:125:12) {
  statusCode: 400,
  status: 400
}
[auth] 警告：JWT_SECRET 未在 .env 中设置，正使用默认值——生产环境务必修改！
[seed] quota 已存在，跳过。
[seed] wells 已存在，跳过。
钻井经营考核系统后端已启动：http://localhost:4000
数据目录：D:\桌面\经营考核系统\server\data
[auth] 警告：JWT_SECRET 未在 .env 中设置，正使用默认值——生产环境务必修改！
[seed] quota 已存在，跳过。
[seed] wells 已存在，跳过。
钻井经营考核系统后端已启动：http://localhost:4000
数据目录：D:\桌面\经营考核系统\server\data
[auth] 警告：JWT_SECRET 未在 .env 中设置，正使用默认值——生产环境务必修改！
[seed] quota 已存在，跳过。
[seed] wells 已存在，跳过。
钻井经营考核系统后端已启动：http://localhost:4000
数据目录：D:\桌面\经营考核系统\server\data
[auth] 警告：JWT_SECRET 未在 .env 中设置，正使用默认值——生产环境务必修改！
[seed] quota 已存在，跳过。
[seed] wells 已存在，跳过。
钻井经营考核系统后端已启动：http://localhost:4000
数据目录：C:\Users\86188\Desktop\钻井经营考核系统\经营考核系统\server\data
